Archive member included because of file (symbol)

c:/program files (x86)/gnu tools arm embedded/4.9 2015q2/bin/../lib/gcc/arm-none-eabi/4.9.3/../../../../arm-none-eabi/lib/armv7e-m/fpu\libc.a(lib_a-exit.o)
                              c:/program files (x86)/gnu tools arm embedded/4.9 2015q2/bin/../lib/gcc/arm-none-eabi/4.9.3/../../../../arm-none-eabi/lib/armv7e-m/fpu/crt0.o (exit)
c:/program files (x86)/gnu tools arm embedded/4.9 2015q2/bin/../lib/gcc/arm-none-eabi/4.9.3/../../../../arm-none-eabi/lib/armv7e-m/fpu\libc.a(lib_a-impure.o)
                              c:/program files (x86)/gnu tools arm embedded/4.9 2015q2/bin/../lib/gcc/arm-none-eabi/4.9.3/../../../../arm-none-eabi/lib/armv7e-m/fpu\libc.a(lib_a-exit.o) (_global_impure_ptr)
c:/program files (x86)/gnu tools arm embedded/4.9 2015q2/bin/../lib/gcc/arm-none-eabi/4.9.3/../../../../arm-none-eabi/lib/armv7e-m/fpu\libc.a(lib_a-init.o)
                              c:/program files (x86)/gnu tools arm embedded/4.9 2015q2/bin/../lib/gcc/arm-none-eabi/4.9.3/../../../../arm-none-eabi/lib/armv7e-m/fpu/crt0.o (__libc_init_array)
c:/program files (x86)/gnu tools arm embedded/4.9 2015q2/bin/../lib/gcc/arm-none-eabi/4.9.3/../../../../arm-none-eabi/lib/armv7e-m/fpu\libc.a(lib_a-memset.o)
                              c:/program files (x86)/gnu tools arm embedded/4.9 2015q2/bin/../lib/gcc/arm-none-eabi/4.9.3/../../../../arm-none-eabi/lib/armv7e-m/fpu/crt0.o (memset)
c:/program files (x86)/gnu tools arm embedded/4.9 2015q2/bin/../lib/gcc/arm-none-eabi/4.9.3/../../../../arm-none-eabi/lib/armv7e-m/fpu\libc.a(lib_a-__call_atexit.o)
                              c:/program files (x86)/gnu tools arm embedded/4.9 2015q2/bin/../lib/gcc/arm-none-eabi/4.9.3/../../../../arm-none-eabi/lib/armv7e-m/fpu\libc.a(lib_a-exit.o) (__call_exitprocs)
c:/program files (x86)/gnu tools arm embedded/4.9 2015q2/bin/../lib/gcc/arm-none-eabi/4.9.3/../../../../arm-none-eabi/lib/armv7e-m/fpu\libc.a(lib_a-atexit.o)
                              c:/program files (x86)/gnu tools arm embedded/4.9 2015q2/bin/../lib/gcc/arm-none-eabi/4.9.3/../../../../arm-none-eabi/lib/armv7e-m/fpu\libc.a(lib_a-__call_atexit.o) (atexit)
c:/program files (x86)/gnu tools arm embedded/4.9 2015q2/bin/../lib/gcc/arm-none-eabi/4.9.3/../../../../arm-none-eabi/lib/armv7e-m/fpu\libc.a(lib_a-fini.o)
                              c:/program files (x86)/gnu tools arm embedded/4.9 2015q2/bin/../lib/gcc/arm-none-eabi/4.9.3/../../../../arm-none-eabi/lib/armv7e-m/fpu\libc.a(lib_a-__call_atexit.o) (__libc_fini_array)
c:/program files (x86)/gnu tools arm embedded/4.9 2015q2/bin/../lib/gcc/arm-none-eabi/4.9.3/../../../../arm-none-eabi/lib/armv7e-m/fpu\libc.a(lib_a-__atexit.o)
                              c:/program files (x86)/gnu tools arm embedded/4.9 2015q2/bin/../lib/gcc/arm-none-eabi/4.9.3/../../../../arm-none-eabi/lib/armv7e-m/fpu\libc.a(lib_a-atexit.o) (__register_exitproc)
c:/program files (x86)/gnu tools arm embedded/4.9 2015q2/bin/../lib/gcc/arm-none-eabi/4.9.3/../../../../arm-none-eabi/lib/armv7e-m/fpu\libg.a(lib_a-memcpy.o)
                              ..\obj\usbd_audio_out_if.o (memcpy)

Allocating common symbols
Common symbol       size              file

AudioCtl            0x40              ..\obj\usbd_audio_core.o
SET_TEST_MODE       0x4               ..\obj\usbd_core.o
IsocOutBuff         0xc00             ..\obj\usbd_audio_core.o
USB_OTG_dev         0x5f4             ..\obj\main.o
sampleBuffer        0x12c00           ..\obj\usbd_audio_out_if.o
NVIC_InitStructure  0x4               ..\obj\stm32f4_discovery.o
USBD_StrDesc        0x32              ..\obj\usbd_req.o

Discarded input sections

 .text          0x00000000        0x0 c:/program files (x86)/gnu tools arm embedded/4.9 2015q2/bin/../lib/gcc/arm-none-eabi/4.9.3/armv7e-m/fpu/crti.o
 .data          0x00000000        0x0 c:/program files (x86)/gnu tools arm embedded/4.9 2015q2/bin/../lib/gcc/arm-none-eabi/4.9.3/armv7e-m/fpu/crti.o
 .bss           0x00000000        0x0 c:/program files (x86)/gnu tools arm embedded/4.9 2015q2/bin/../lib/gcc/arm-none-eabi/4.9.3/armv7e-m/fpu/crti.o
 .data          0x00000000        0x4 c:/program files (x86)/gnu tools arm embedded/4.9 2015q2/bin/../lib/gcc/arm-none-eabi/4.9.3/armv7e-m/fpu/crtbegin.o
 .text          0x00000000       0x74 c:/program files (x86)/gnu tools arm embedded/4.9 2015q2/bin/../lib/gcc/arm-none-eabi/4.9.3/../../../../arm-none-eabi/lib/armv7e-m/fpu/crt0.o
 .data          0x00000000        0x0 c:/program files (x86)/gnu tools arm embedded/4.9 2015q2/bin/../lib/gcc/arm-none-eabi/4.9.3/../../../../arm-none-eabi/lib/armv7e-m/fpu/crt0.o
 .bss           0x00000000        0x0 c:/program files (x86)/gnu tools arm embedded/4.9 2015q2/bin/../lib/gcc/arm-none-eabi/4.9.3/../../../../arm-none-eabi/lib/armv7e-m/fpu/crt0.o
 .ARM.extab     0x00000000        0x0 c:/program files (x86)/gnu tools arm embedded/4.9 2015q2/bin/../lib/gcc/arm-none-eabi/4.9.3/../../../../arm-none-eabi/lib/armv7e-m/fpu/crt0.o
[...]
Memory Configuration

Name             Origin             Length             Attributes
FLASH            0x08000000         0x00100000         xr
RAM              0x20000000         0x0001c000         xrw
MEMORY_B1        0x60000000         0x00000000         xr
*default*        0x00000000         0xffffffff

Linker script and memory map

LOAD c:/program files (x86)/gnu tools arm embedded/4.9 2015q2/bin/../lib/gcc/arm-none-eabi/4.9.3/armv7e-m/fpu/crti.o
LOAD c:/program files (x86)/gnu tools arm embedded/4.9 2015q2/bin/../lib/gcc/arm-none-eabi/4.9.3/armv7e-m/fpu/crtbegin.o
LOAD c:/program files (x86)/gnu tools arm embedded/4.9 2015q2/bin/../lib/gcc/arm-none-eabi/4.9.3/../../../../arm-none-eabi/lib/armv7e-m/fpu/crt0.o
                0x2001c000                _estack = 0x2001c000
                0x00000000                _Min_Heap_Size = 0x0
                0x00000400                _Min_Stack_Size = 0x400

.isr_vector     0x08000000      0x188
                0x08000000                . = ALIGN (0x4)
 *(.isr_vector)
 .isr_vector    0x08000000      0x188 ..\obj\startup_stm32f4xx.o
                0x08000000                g_pfnVectors
                0x08000188                . = ALIGN (0x4)

.text           0x08000188     0x7f6c
                0x08000188                . = ALIGN (0x4)
 *(.text)
 .text          0x08000188       0x5c c:/program files (x86)/gnu tools arm embedded/4.9 2015q2/bin/../lib/gcc/arm-none-eabi/4.9.3/armv7e-m/fpu/crtbegin.o
 .text          0x080001e4     0x1bf0 ..\obj\stm32f4xx_tim.o
                0x080001e4                TIM_DeInit
                0x080003a0                TIM_TimeBaseInit
                0x08000474                TIM_TimeBaseStructInit
                0x080004a8                TIM_PrescalerConfig
                0x080004d0                TIM_CounterModeConfig
                0x08000508                TIM_SetCounter
                0x08000524                TIM_SetAutoreload
                0x08000540                TIM_GetCounter
                0x08000558                TIM_GetPrescaler
                0x08000574                TIM_UpdateDisableConfig
                0x080005b4                TIM_UpdateRequestConfig
                0x080005f4                TIM_ARRPreloadConfig
                0x08000634                TIM_SelectOnePulseMode
                0x0800066c                TIM_SetClockDivision
                0x080006a4                TIM_Cmd
                0x080006e4                TIM_OC1Init
                0x080007d8                TIM_OC2Init
                0x080008e8                TIM_OC3Init
                0x080009f4                TIM_OC4Init
                0x08000ac0                TIM_OCStructInit
                0x08000b04                TIM_SelectOCxM
                0x08000bb4                TIM_SetCompare1
                0x08000bd0                TIM_SetCompare2
                0x08000bec                TIM_SetCompare3
                0x08000c08                TIM_SetCompare4
                0x08000c24                TIM_ForcedOC1Config
                0x08000c5c                TIM_ForcedOC2Config
                0x08000c98                TIM_ForcedOC3Config
                0x08000cd0                TIM_ForcedOC4Config
                0x08000d0c                TIM_OC1PreloadConfig
                0x08000d44                TIM_OC2PreloadConfig
                0x08000d80                TIM_OC3PreloadConfig
                0x08000db8                TIM_OC4PreloadConfig
                0x08000df4                TIM_OC1FastConfig
                0x08000e2c                TIM_OC2FastConfig
                0x08000e68                TIM_OC3FastConfig
                0x08000ea0                TIM_OC4FastConfig
                0x08000edc                TIM_ClearOC1Ref
                0x08000f14                TIM_ClearOC2Ref
                0x08000f50                TIM_ClearOC3Ref
                0x08000f88                TIM_ClearOC4Ref
                0x08000fc4                TIM_OC1PolarityConfig
                0x08000ffc                TIM_OC1NPolarityConfig
                0x08001034                TIM_OC2PolarityConfig
                0x08001070                TIM_OC2NPolarityConfig
                0x080010ac                TIM_OC3PolarityConfig
                0x080010e8                TIM_OC3NPolarityConfig
                0x08001124                TIM_OC4PolarityConfig
                0x08001160                TIM_CCxCmd
                0x080011b4                TIM_CCxNCmd
                0x08001208                TIM_ICInit
                0x080012b0                TIM_ICStructInit
                0x080012e0                TIM_PWMIConfig
                0x08001398                TIM_GetCapture1
                0x080013b0                TIM_GetCapture2
                0x080013c8                TIM_GetCapture3
                0x080013e0                TIM_GetCapture4
                0x080013f8                TIM_SetIC1Prescaler
                0x08001430                TIM_SetIC2Prescaler
                0x0800146c                TIM_SetIC3Prescaler
                0x080014a4                TIM_SetIC4Prescaler
                0x080014e0                TIM_BDTRConfig
                0x08001530                TIM_BDTRStructInit
                0x0800156c                TIM_CtrlPWMOutputs
                0x080015b8                TIM_SelectCOM
                0x080015f8                TIM_CCPreloadControl
                0x08001638                TIM_ITConfig
                0x08001680                TIM_GenerateEvent
                0x0800169c                TIM_GetFlagStatus
                0x080016d4                TIM_ClearFlag
                0x080016f4                TIM_GetITStatus
                0x08001748                TIM_ClearITPendingBit
                0x08001768                TIM_DMAConfig
                0x08001790                TIM_DMACmd
                0x080017d8                TIM_SelectCCDMA
                0x08001818                TIM_InternalClockConfig
                0x0800183c                TIM_ITRxExternalClockConfig
                0x08001868                TIM_TIxExternalClockConfig
                0x080018c8                TIM_ETRClockMode1Config
                0x08001924                TIM_ETRClockMode2Config
                0x08001960                TIM_SelectInputTrigger
                0x08001998                TIM_SelectOutputTrigger
                0x080019d0                TIM_SelectSlaveMode
                0x08001a08                TIM_SelectMasterSlaveMode
                0x08001a40                TIM_ETRConfig
                0x08001a94                TIM_EncoderInterfaceConfig
                0x08001b2c                TIM_SelectHallSensor
                0x08001b6c                TIM_RemapConfig
 .text          0x08001dd4      0x928 ..\obj\usbd_req.o
                0x08001dd4                USBD_StdDevReq
                0x08001e74                USBD_StdItfReq
                0x08001edc                USBD_StdEPReq
                0x08002590                USBD_ParseSetupRequest
                0x08002620                USBD_CtlError
                0x08002648                USBD_GetString
 .text          0x080026fc      0x1a0 ..\obj\usbd_desc.o
                0x080026fc                USBD_ConfigurePID
                0x08002734                USBD_USR_DeviceDescriptor
                0x08002758                USBD_USR_LangIDStrDescriptor
                0x0800277c                USBD_USR_ProductStrDescriptor
                0x080027bc                USBD_USR_ManufacturerStrDescriptor
                0x080027e4                USBD_USR_SerialStrDescriptor
                0x08002824                USBD_USR_ConfigStrDescriptor
                0x08002860                USBD_USR_InterfaceStrDescriptor
 .text          0x0800289c     0x1598 ..\obj\usb_core.o
                0x0800296c                USB_OTG_WritePacket
                0x080029e4                USB_OTG_ReadPacket
                0x08002a3c                USB_OTG_SelectCore
                0x08002bb0                USB_OTG_CoreInit
                0x08002cec                USB_OTG_EnableGlobalInt
                0x08002d24                USB_OTG_DisableGlobalInt
                0x08002d5c                USB_OTG_FlushTxFifo
                0x08002dd8                USB_OTG_FlushRxFifo
                0x08002e38                USB_OTG_SetCurrentMode
                0x08002e98                USB_OTG_GetMode
                0x08002eb8                USB_OTG_IsDeviceMode
                0x08002edc                USB_OTG_IsHostMode
                0x08002f00                USB_OTG_ReadCoreItr
                0x08002f30                USB_OTG_ReadOtgItr
                0x08002f4c                USB_OTG_InitDevSpeed
                0x08002f84                USB_OTG_CoreInitDev
                0x080031e8                USB_OTG_EnableDevInt
                0x08003280                USB_OTG_GetDeviceSpeed
                0x080032c8                USB_OTG_EP0Activate
                0x08003340                USB_OTG_EPActivate
                0x0800341c                USB_OTG_EPDeactivate
                0x080034a8                USB_OTG_EPStartXfer
                0x08003728                USB_OTG_EP0StartXfer
                0x080038fc                USB_OTG_EPSetStall
                0x08003984                USB_OTG_EPClearStall
                0x080039fc                USB_OTG_ReadDevAllOutEp_itr
                0x08003a28                USB_OTG_ReadDevOutEP_itr
                0x08003a60                USB_OTG_ReadDevAllInEPItr
                0x08003a8c                USB_OTG_EP0_OutStart
                0x08003afc                USB_OTG_ActiveRemoteWakeup
                0x08003b88                USB_OTG_UngateClock
                0x08003bdc                USB_OTG_StopDevice
                0x08003c5c                USB_OTG_GetEPStatus
                0x08003d08                USB_OTG_SetEPStatus
 .text          0x08003e34      0xa80 ..\obj\stm32f4xx_rcc.o
                0x08003e34                RCC_DeInit
                0x08003e84                RCC_HSEConfig
                0x08003ea8                RCC_WaitForHSEStartUp
                0x08003ef8                RCC_AdjustHSICalibrationValue
                0x08003f34                RCC_HSICmd
                0x08003f54                RCC_LSEConfig
                0x08003f94                RCC_LSICmd
                0x08003fb4                RCC_PLLConfig
                0x08003ff0                RCC_PLLCmd
                0x08004010                RCC_PLLI2SConfig
                0x08004038                RCC_PLLI2SCmd
                0x08004058                RCC_ClockSecuritySystemCmd
                0x08004078                RCC_MCO1Config
                0x080040b4                RCC_MCO2Config
                0x080040f0                RCC_SYSCLKConfig
                0x08004128                RCC_GetSYSCLKSource
                0x08004148                RCC_HCLKConfig
                0x08004180                RCC_PCLK1Config
                0x080041b8                RCC_PCLK2Config
                0x080041f0                RCC_GetClocksFreq
                0x08004344                RCC_RTCCLKConfig
                0x080043a0                RCC_RTCCLKCmd
                0x080043c0                RCC_BackupResetCmd
                0x080043e0                RCC_I2SCLKConfig
                0x080043fc                RCC_AHB1PeriphClockCmd
                0x08004438                RCC_AHB2PeriphClockCmd
                0x08004474                RCC_AHB3PeriphClockCmd
                0x080044b0                RCC_APB1PeriphClockCmd
                0x080044ec                RCC_APB2PeriphClockCmd
                0x08004528                RCC_AHB1PeriphResetCmd
                0x08004564                RCC_AHB2PeriphResetCmd
                0x080045a0                RCC_AHB3PeriphResetCmd
                0x080045dc                RCC_APB1PeriphResetCmd
                0x08004618                RCC_APB2PeriphResetCmd
                0x08004654                RCC_AHB1PeriphClockLPModeCmd
                0x08004690                RCC_AHB2PeriphClockLPModeCmd
                0x080046cc                RCC_AHB3PeriphClockLPModeCmd
                0x08004708                RCC_APB1PeriphClockLPModeCmd
                0x08004744                RCC_APB2PeriphClockLPModeCmd
                0x08004780                RCC_ITConfig
                0x080047cc                RCC_GetFlagStatus
                0x08004840                RCC_ClearFlag
                0x0800485c                RCC_GetITStatus
                0x08004894                RCC_ClearITPendingBit
 .text          0x080048b4      0x37c ..\obj\usbd_audio_out_if.o
                0x080048ec                init_dac
 .text          0x08004c30      0x1e0 ..\obj\stm32f4xx_it.o
                0x08004c30                NMI_Handler
                0x08004c3c                HardFault_Handler
                0x08004c44                MemManage_Handler
                0x08004c4c                BusFault_Handler
                0x08004c54                UsageFault_Handler
                0x08004c5c                SVC_Handler
                0x08004c68                DebugMon_Handler
                0x08004c74                PendSV_Handler
                0x08004c80                SysTick_Handler
                0x08004c8c                OTG_FS_WKUP_IRQHandler
                0x08004cc0                OTG_FS_IRQHandler
                0x08004cd0                EXTI1_IRQHandler
                0x08004ce8                DMA1_Stream7_IRQHandler
                0x08004cf4                TIM4_IRQHandler
 .text          0x08004e10      0x1b8 ..\obj\stm32f4_discovery.o
                0x08004e10                STM_EVAL_LEDInit
                0x08004e6c                STM_EVAL_LEDOn
                0x08004e9c                STM_EVAL_LEDOff
                0x08004ecc                STM_EVAL_LEDToggle
                0x08004f08                STM_EVAL_PBInit
                0x08004f9c                STM_EVAL_PBGetState
 .text          0x08004fc8      0x110 ..\obj\main.o
                0x08005060                main
 .text          0x080050d8      0x42c ..\obj\stm32f4xx_dac.o
                0x080050d8                DAC_DeInit
                0x080050f4                DAC_Init
                0x08005158                DAC_StructInit
                0x08005184                DAC_Cmd
                0x080051cc                DAC_SoftwareTriggerCmd
                0x08005218                DAC_DualSoftwareTriggerCmd
                0x08005250                DAC_WaveGenerationCmd
                0x0800529c                DAC_SetChannel1Data
                0x080052d0                DAC_SetChannel2Data
                0x08005304                DAC_SetDualChannelData
                0x0800535c                DAC_GetDataOutputValue
                0x08005390                DAC_DMACmd
                0x080053dc                DAC_ITConfig
                0x08005428                DAC_GetFlagStatus
                0x08005464                DAC_ClearFlag
                0x08005488                DAC_GetITStatus
                0x080054e0                DAC_ClearITPendingBit
 .text          0x08005504      0x160 ..\obj\usbd_ioreq.o
                0x08005504                USBD_CtlSendData
                0x08005544                USBD_CtlContinueSendData
                0x0800556c                USBD_CtlPrepareRx
                0x080055ac                USBD_CtlContinueRx
                0x080055d4                USBD_CtlSendStatus
                0x08005604                USBD_CtlReceiveStatus
                0x08005634                USBD_GetRxCount
 .text          0x08005664      0x4a4 ..\obj\usbd_audio_core.o
                0x08005664                usbd_ConfigureAudio
 .text          0x08005b08       0x70 ..\obj\usbd_usr.o
                0x08005b08                USBD_USR_Init
                0x08005b14                USBD_USR_DeviceReset
                0x08005b3c                USBD_USR_DeviceConfigured
                0x08005b48                USBD_USR_DeviceConnected
                0x08005b54                USBD_USR_DeviceDisconnected
                0x08005b60                USBD_USR_DeviceSuspended
                0x08005b6c                USBD_USR_DeviceResumed
 .text          0x08005b78      0x590 ..\obj\usb_dcd.o
                0x08005b78                DCD_Init
                0x08005c7c                DCD_EP_Open
                0x08005d28                DCD_EP_Close
                0x08005d9c                DCD_EP_PrepareRx
                0x08005e20                DCD_EP_Tx
                0x08005e98                DCD_EP_Stall
                0x08005f10                DCD_EP_ClrStall
                0x08005f88                DCD_EP_Flush
                0x08005fbc                DCD_EP_SetAddress
                0x08005ff8                DCD_DevConnect
                0x08006024                DCD_DevDisconnect
                0x08006050                DCD_GetEPStatus
                0x080060b0                DCD_SetEPStatus
 .text          0x08006108      0x458 ..\obj\usbd_core.o
                0x08006108                USBD_Init
                0x08006168                USBD_DeInit
                0x080064c8                USBD_SetCfg
                0x080064f8                USBD_ClrCfg
 .text          0x08006560      0x48c ..\obj\stm32f4xx_gpio.o
                0x08006560                GPIO_DeInit
                0x08006680                GPIO_Init
                0x0800679c                GPIO_StructInit
                0x080067d0                GPIO_PinLockConfig
                0x08006814                GPIO_ReadInputDataBit
                0x08006848                GPIO_ReadInputData
                0x08006864                GPIO_ReadOutputDataBit
                0x08006898                GPIO_ReadOutputData
                0x080068b4                GPIO_SetBits
                0x080068d0                GPIO_ResetBits
                0x080068ec                GPIO_WriteBit
                0x0800691c                GPIO_Write
                0x08006938                GPIO_ToggleBits
                0x0800695c                GPIO_PinAFConfig
 .text          0x080069ec      0x9f0 ..\obj\usb_dcd_int.o
                0x080069ec                USBD_OTG_ISR_Handler
 .text          0x080073dc      0x174 ..\obj\usb_bsp.o
                0x080073dc                USB_OTG_BSP_ConfigVBUS
                0x080073f0                USB_OTG_BSP_DriveVBUS
                0x08007408                USB_OTG_BSP_Init
                0x080074b8                USB_OTG_BSP_EnableInterrupt
                0x080074e8                USB_OTG_BSP_uDelay
                0x08007530                USB_OTG_BSP_mDelay
 .text          0x08007550      0x188 ..\obj\misc.o
                0x08007550                NVIC_PriorityGroupConfig
                0x08007574                NVIC_Init
                0x08007634                NVIC_SetVectorTable
                0x08007660                NVIC_SystemLPConfig
                0x080076a0                SysTick_CLKSourceConfig
 .text          0x080076d8      0x21c ..\obj\stm32f4xx_exti.o
                0x080076d8                EXTI_DeInit
                0x0800770c                EXTI_Init
                0x080077f0                EXTI_StructInit
                0x0800781c                EXTI_GenerateSWInterrupt
                0x08007840                EXTI_GetFlagStatus
                0x08007874                EXTI_ClearFlag
                0x08007890                EXTI_GetITStatus
                0x080078d8                EXTI_ClearITPendingBit
 .text          0x080078f4      0x288 ..\obj\system_stm32f4xx.o
                0x080078f4                SystemInit
                0x0800795c                SystemCoreClockUpdate
 .text          0x08007b7c      0x130 ..\obj\stm32f4xx_syscfg.o
                0x08007b7c                SYSCFG_DeInit
                0x08007b98                SYSCFG_MemoryRemapConfig
                0x08007bb8                SYSCFG_EXTILineConfig
                0x08007c3c                SYSCFG_ETH_MediaInterfaceConfig
                0x08007c58                SYSCFG_CompensationCellCmd
                0x08007c78                SYSCFG_GetCompensationCellStatus
 .text          0x08007cac      0x134 c:/program files (x86)/gnu tools arm embedded/4.9 2015q2/bin/../lib/gcc/arm-none-eabi/4.9.3/../../../../arm-none-eabi/lib/armv7e-m/fpu\libg.a(lib_a-memcpy.o)
                0x08007cac                memcpy
 *(.text*)
 .text.__libc_init_array
                0x08007de0       0x50 c:/program files (x86)/gnu tools arm embedded/4.9 2015q2/bin/../lib/gcc/arm-none-eabi/4.9.3/../../../../arm-none-eabi/lib/armv7e-m/fpu\libc.a(lib_a-init.o)
                0x08007de0                __libc_init_array
 .text.memset   0x08007e30       0x9c c:/program files (x86)/gnu tools arm embedded/4.9 2015q2/bin/../lib/gcc/arm-none-eabi/4.9.3/../../../../arm-none-eabi/lib/armv7e-m/fpu\libc.a(lib_a-memset.o)
                0x08007e30                memset
 .text.startup.register_fini
                0x08007ecc       0x14 c:/program files (x86)/gnu tools arm embedded/4.9 2015q2/bin/../lib/gcc/arm-none-eabi/4.9.3/../../../../arm-none-eabi/lib/armv7e-m/fpu\libc.a(lib_a-__call_atexit.o)
 .text.atexit   0x08007ee0        0xc c:/program files (x86)/gnu tools arm embedded/4.9 2015q2/bin/../lib/gcc/arm-none-eabi/4.9.3/../../../../arm-none-eabi/lib/armv7e-m/fpu\libc.a(lib_a-atexit.o)
                0x08007ee0                atexit
 .text.__libc_fini_array
                0x08007eec       0x2c c:/program files (x86)/gnu tools arm embedded/4.9 2015q2/bin/../lib/gcc/arm-none-eabi/4.9.3/../../../../arm-none-eabi/lib/armv7e-m/fpu\libc.a(lib_a-fini.o)
                0x08007eec                __libc_fini_array
 .text.__register_exitproc
                0x08007f18       0xa4 c:/program files (x86)/gnu tools arm embedded/4.9 2015q2/bin/../lib/gcc/arm-none-eabi/4.9.3/../../../../arm-none-eabi/lib/armv7e-m/fpu\libc.a(lib_a-__atexit.o)
                0x08007f18                __register_exitproc
 .text.Reset_Handler
                0x08007fbc       0x48 ..\obj\startup_stm32f4xx.o
                0x08007fbc                Reset_Handler
 .text.Default_Handler
                0x08008004        0x2 ..\obj\startup_stm32f4xx.o
                0x08008004                RTC_Alarm_IRQHandler
                0x08008004                HASH_RNG_IRQHandler
                0x08008004                EXTI2_IRQHandler
                0x08008004                TIM8_CC_IRQHandler
                0x08008004                TIM1_CC_IRQHandler
                0x08008004                DMA2_Stream5_IRQHandler
                0x08008004                DMA1_Stream5_IRQHandler
                0x08008004                PVD_IRQHandler
                0x08008004                SDIO_IRQHandler
                0x08008004                TAMP_STAMP_IRQHandler
                0x08008004                CAN2_RX1_IRQHandler
                0x08008004                EXTI3_IRQHandler
                0x08008004                TIM8_TRG_COM_TIM14_IRQHandler
                0x08008004                TIM1_UP_TIM10_IRQHandler
                0x08008004                TIM8_UP_TIM13_IRQHandler
                0x08008004                I2C3_ER_IRQHandler
                0x08008004                EXTI0_IRQHandler
                0x08008004                I2C2_EV_IRQHandler
                0x08008004                DMA1_Stream2_IRQHandler
                0x08008004                CAN1_RX0_IRQHandler
                0x08008004                FPU_IRQHandler
                0x08008004                OTG_HS_WKUP_IRQHandler
                0x08008004                CAN2_SCE_IRQHandler
                0x08008004                DMA2_Stream2_IRQHandler
                0x08008004                SPI1_IRQHandler
                0x08008004                TIM6_DAC_IRQHandler
                0x08008004                TIM1_BRK_TIM9_IRQHandler
                0x08008004                DCMI_IRQHandler
                0x08008004                CAN2_RX0_IRQHandler
                0x08008004                DMA2_Stream3_IRQHandler
                0x08008004                USART6_IRQHandler
                0x08008004                USART3_IRQHandler
                0x08008004                CRYP_IRQHandler
                0x08008004                CAN1_RX1_IRQHandler
                0x08008004                UART5_IRQHandler
                0x08008004                DMA2_Stream0_IRQHandler
                0x08008004                I2C1_EV_IRQHandler
                0x08008004                DMA1_Stream6_IRQHandler
                0x08008004                DMA1_Stream1_IRQHandler
                0x08008004                UART4_IRQHandler
                0x08008004                TIM3_IRQHandler
                0x08008004                RCC_IRQHandler
                0x08008004                TIM8_BRK_TIM12_IRQHandler
                0x08008004                Default_Handler
                0x08008004                EXTI15_10_IRQHandler
                0x08008004                ADC_IRQHandler
                0x08008004                TIM7_IRQHandler
                0x08008004                CAN2_TX_IRQHandler
                0x08008004                TIM5_IRQHandler
                0x08008004                DMA2_Stream7_IRQHandler
                0x08008004                I2C3_EV_IRQHandler
                0x08008004                EXTI9_5_IRQHandler
                0x08008004                RTC_WKUP_IRQHandler
                0x08008004                ETH_WKUP_IRQHandler
                0x08008004                SPI2_IRQHandler
                0x08008004                OTG_HS_EP1_IN_IRQHandler
                0x08008004                DMA1_Stream0_IRQHandler
                0x08008004                CAN1_TX_IRQHandler
                0x08008004                EXTI4_IRQHandler
                0x08008004                FSMC_IRQHandler
                0x08008004                ETH_IRQHandler
                0x08008004                OTG_HS_EP1_OUT_IRQHandler
                0x08008004                WWDG_IRQHandler
                0x08008004                TIM2_IRQHandler
                0x08008004                TIM1_TRG_COM_TIM11_IRQHandler
                0x08008004                OTG_HS_IRQHandler
                0x08008004                USART2_IRQHandler
                0x08008004                I2C2_ER_IRQHandler
                0x08008004                DMA2_Stream1_IRQHandler
                0x08008004                CAN1_SCE_IRQHandler
                0x08008004                FLASH_IRQHandler
                0x08008004                DMA2_Stream4_IRQHandler
                0x08008004                USART1_IRQHandler
                0x08008004                SPI3_IRQHandler
                0x08008004                DMA1_Stream4_IRQHandler
                0x08008004                I2C1_ER_IRQHandler
                0x08008004                DMA2_Stream6_IRQHandler
                0x08008004                DMA1_Stream3_IRQHandler
 *(.rodata)
 *fill*         0x08008006        0x2 
 .rodata        0x08008008       0x9c ..\obj\usbd_desc.o
 .rodata        0x080080a4       0x2d ..\obj\stm32f4_discovery.o
                0x080080a4                GPIO_PIN
                0x080080ac                GPIO_CLK
                0x080080bc                BUTTON_PIN
                0x080080c0                BUTTON_CLK
                0x080080c4                BUTTON_EXTI_LINE
                0x080080c8                BUTTON_PORT_SOURCE
                0x080080cc                BUTTON_PIN_SOURCE
                0x080080d0                BUTTON_IRQn
 *(.rodata*)
 *fill*         0x080080d1        0x3 
 .rodata.str1.4
                0x080080d4        0x4 c:/program files (x86)/gnu tools arm embedded/4.9 2015q2/bin/../lib/gcc/arm-none-eabi/4.9.3/../../../../arm-none-eabi/lib/armv7e-m/fpu\libc.a(lib_a-impure.o)
                                  0x2 (size before relaxing)
 .rodata._global_impure_ptr
                0x080080d8        0x4 c:/program files (x86)/gnu tools arm embedded/4.9 2015q2/bin/../lib/gcc/arm-none-eabi/4.9.3/../../../../arm-none-eabi/lib/armv7e-m/fpu\libc.a(lib_a-impure.o)
                0x080080d8                _global_impure_ptr
 *(.glue_7)
 .glue_7        0x00000000        0x0 linker stubs
 *(.glue_7t)
 .glue_7t       0x00000000        0x0 linker stubs
 *(.eh_frame)
 .eh_frame      0x080080dc        0x0 c:/program files (x86)/gnu tools arm embedded/4.9 2015q2/bin/../lib/gcc/arm-none-eabi/4.9.3/armv7e-m/fpu/crtbegin.o
 *(.init)
 .init          0x080080dc        0x4 c:/program files (x86)/gnu tools arm embedded/4.9 2015q2/bin/../lib/gcc/arm-none-eabi/4.9.3/armv7e-m/fpu/crti.o
                0x080080dc                _init
 .init          0x080080e0        0x8 c:/program files (x86)/gnu tools arm embedded/4.9 2015q2/bin/../lib/gcc/arm-none-eabi/4.9.3/armv7e-m/fpu/crtn.o
 *(.fini)
 .fini          0x080080e8        0x4 c:/program files (x86)/gnu tools arm embedded/4.9 2015q2/bin/../lib/gcc/arm-none-eabi/4.9.3/armv7e-m/fpu/crti.o
                0x080080e8                _fini
 .fini          0x080080ec        0x8 c:/program files (x86)/gnu tools arm embedded/4.9 2015q2/bin/../lib/gcc/arm-none-eabi/4.9.3/armv7e-m/fpu/crtn.o
                0x080080f4                . = ALIGN (0x4)
                0x080080f4                _etext = .

.vfp11_veneer   0x080080f4        0x0
 .vfp11_veneer  0x00000000        0x0 linker stubs

.v4_bx          0x080080f4        0x0
 .v4_bx         0x00000000        0x0 linker stubs

.iplt           0x080080f4        0x0
 .iplt          0x00000000        0x0 c:/program files (x86)/gnu tools arm embedded/4.9 2015q2/bin/../lib/gcc/arm-none-eabi/4.9.3/armv7e-m/fpu/crtbegin.o

.rel.dyn        0x080080f4        0x0
 .rel.iplt      0x00000000        0x0 c:/program files (x86)/gnu tools arm embedded/4.9 2015q2/bin/../lib/gcc/arm-none-eabi/4.9.3/armv7e-m/fpu/crtbegin.o

.ARM.extab
 *(.ARM.extab* .gnu.linkonce.armextab.*)

.ARM            0x080080f4        0x0
                0x080080f4                __exidx_start = .
 *(.ARM.exidx*)
                0x080080f4                __exidx_end = .

.preinit_array  0x080080f4        0x0
                0x080080f4                PROVIDE (__preinit_array_start, .)
 *(.preinit_array*)
                0x080080f4                PROVIDE (__preinit_array_end, .)

.init_array     0x080080f4        0x8
                0x080080f4                PROVIDE (__init_array_start, .)
 *(SORT(.init_array.*))
 .init_array.00000
                0x080080f4        0x4 c:/program files (x86)/gnu tools arm embedded/4.9 2015q2/bin/../lib/gcc/arm-none-eabi/4.9.3/../../../../arm-none-eabi/lib/armv7e-m/fpu\libc.a(lib_a-__call_atexit.o)
 *(.init_array*)
 .init_array    0x080080f8        0x4 c:/program files (x86)/gnu tools arm embedded/4.9 2015q2/bin/../lib/gcc/arm-none-eabi/4.9.3/armv7e-m/fpu/crtbegin.o
                0x080080fc                PROVIDE (__init_array_end, .)

.fini_array     0x080080fc        0x4
                0x080080fc                PROVIDE (__fini_array_start, .)
 *(.fini_array*)
 .fini_array    0x080080fc        0x4 c:/program files (x86)/gnu tools arm embedded/4.9 2015q2/bin/../lib/gcc/arm-none-eabi/4.9.3/armv7e-m/fpu/crtbegin.o
 *(SORT(.fini_array.*))
                0x08008100                PROVIDE (__fini_array_end, .)
                0x08008100                _sidata = .

.data           0x20000000      0x5c0 load address 0x08008100
                0x20000000                . = ALIGN (0x4)
                0x20000000                _sdata = .
 *(.data)
 .data          0x20000000       0x40 ..\obj\usbd_desc.o
                0x20000000                USR_desc
                0x2000001c                USBD_DeviceDesc
                0x20000030                USBD_DeviceQualifierDesc
                0x2000003c                USBD_LangIDDesc
 .data          0x20000040       0x10 ..\obj\stm32f4xx_rcc.o
 .data          0x20000050       0x1c ..\obj\usbd_audio_out_if.o
                0x20000050                AUDIO_OUT_fops
 .data          0x2000006c        0x8 ..\obj\stm32f4xx_it.o
                0x2000006c                buffer_I
                0x20000070                buffer_Q
 .data          0x20000074       0x14 ..\obj\stm32f4_discovery.o
                0x20000074                GPIO_PORT
                0x20000084                BUTTON_PORT
 .data          0x20000088       0xac ..\obj\usbd_audio_core.o
                0x20000088                IsocOutWrPtr
                0x2000008c                IsocOutRdPtr
                0x20000100                AUDIO_cb
 .data          0x20000134       0x1c ..\obj\usbd_usr.o
                0x20000134                USR_cb
 .data          0x20000150       0x30 ..\obj\usbd_core.o
                0x20000150                USBD_DCD_INT_cb
                0x2000017c                USBD_DCD_INT_fops
 .data          0x20000180       0x14 ..\obj\system_stm32f4xx.o
                0x20000180                SystemCoreClock
                0x20000184                AHBPrescTable
 *(.data*)
 *fill*         0x20000194        0x4 
 .data.impure_data
                0x20000198      0x428 c:/program files (x86)/gnu tools arm embedded/4.9 2015q2/bin/../lib/gcc/arm-none-eabi/4.9.3/../../../../arm-none-eabi/lib/armv7e-m/fpu\libc.a(lib_a-impure.o)
                0x200005c0                . = ALIGN (0x4)
                0x200005c0                _edata = .

.jcr            0x200005c0        0x0 load address 0x080086c0
 .jcr           0x200005c0        0x0 c:/program files (x86)/gnu tools arm embedded/4.9 2015q2/bin/../lib/gcc/arm-none-eabi/4.9.3/armv7e-m/fpu/crtbegin.o

.igot.plt       0x200005c0        0x0 load address 0x080086c0
 .igot.plt      0x00000000        0x0 c:/program files (x86)/gnu tools arm embedded/4.9 2015q2/bin/../lib/gcc/arm-none-eabi/4.9.3/armv7e-m/fpu/crtbegin.o
                0x200005c0                . = ALIGN (0x4)

.bss            0x200005c0    0x13ec0 load address 0x080086c0
                0x200005c0                _sbss = .
                0x200005c0                __bss_start__ = _sbss
 *(.bss)
 .bss           0x200005c0       0x1c c:/program files (x86)/gnu tools arm embedded/4.9 2015q2/bin/../lib/gcc/arm-none-eabi/4.9.3/armv7e-m/fpu/crtbegin.o
 .bss           0x200005dc        0xd ..\obj\usbd_req.o
                0x200005dc                USBD_ep_status
                0x200005e0                USBD_default_cfg
                0x200005e4                USBD_cfg_status
 *fill*         0x200005e9        0x3 
 .bss           0x200005ec       0x10 ..\obj\usbd_audio_out_if.o
                0x200005ec                inCurIndex
                0x200005f0                AudioState
 .bss           0x200005fc        0x4 ..\obj\stm32f4xx_it.o
 .bss           0x20000600       0x14 ..\obj\usbd_audio_core.o
                0x20000600                AudioCtlCmd
                0x20000604                AudioCtlLen
                0x20000608                AudioCtlUnit
 *(.bss*)
 *(COMMON)
 COMMON         0x20000614       0x32 ..\obj\usbd_req.o
                0x20000614                USBD_StrDesc
 *fill*         0x20000646        0x2 
 COMMON         0x20000648    0x12c00 ..\obj\usbd_audio_out_if.o
                0x20000648                sampleBuffer
 COMMON         0x20013248      0x5f4 ..\obj\main.o
                0x20013248                USB_OTG_dev
 COMMON         0x2001383c      0xc40 ..\obj\usbd_audio_core.o
                0x2001383c                AudioCtl
                0x2001387c                IsocOutBuff
 COMMON         0x2001447c        0x4 ..\obj\usbd_core.o
                0x2001447c                SET_TEST_MODE
                0x20014480                . = ALIGN (0x4)
                0x20014480                _ebss = .
                0x20014480                __bss_end__ = _ebss

._user_heap_stack
                0x20014480      0x400 load address 0x0801c580
                0x20014480                . = ALIGN (0x4)
                0x20014480                PROVIDE (end, .)
                0x20014480                PROVIDE (_end, .)
                0x20014480                . = (. + _Min_Heap_Size)
                0x20014880                . = (. + _Min_Stack_Size)
 *fill*         0x20014480      0x400 
                0x20014880                . = ALIGN (0x4)

.memory_b1_text
 *(.mb1text)
 *(.mb1text*)
 *(.mb1rodata)
 *(.mb1rodata*)

/DISCARD/
 libc.a(*)
 libm.a(*)
 libgcc.a(*)

.ARM.attributes
                0x00000000       0x30
 *(.ARM.attributes)
 .ARM.attributes
                0x00000000       0x22 c:/program files (x86)/gnu tools arm embedded/4.9 2015q2/bin/../lib/gcc/arm-none-eabi/4.9.3/armv7e-m/fpu/crti.o
 .ARM.attributes
                0x00000022       0x34 c:/program files (x86)/gnu tools arm embedded/4.9 2015q2/bin/../lib/gcc/arm-none-eabi/4.9.3/armv7e-m/fpu/crtbegin.o
 .ARM.attributes
                0x00000056       0x39 ..\obj\stm32f4xx_tim.o
 .ARM.attributes
                0x0000008f       0x39 ..\obj\usbd_req.o
 .ARM.attributes
                0x000000c8       0x39 ..\obj\usbd_desc.o
 .ARM.attributes
                0x00000101       0x39 ..\obj\usb_core.o
 .ARM.attributes
                0x0000013a       0x21 ..\obj\startup_stm32f4xx.o
 .ARM.attributes
                0x0000015b       0x39 ..\obj\stm32f4xx_rcc.o
 .ARM.attributes
                0x00000194       0x39 ..\obj\usbd_audio_out_if.o
 .ARM.attributes
                0x000001cd       0x39 ..\obj\stm32f4xx_it.o
 .ARM.attributes
                0x00000206       0x39 ..\obj\stm32f4_discovery.o
 .ARM.attributes
                0x0000023f       0x39 ..\obj\main.o
 .ARM.attributes
                0x00000278       0x39 ..\obj\stm32f4xx_dac.o
 .ARM.attributes
                0x000002b1       0x39 ..\obj\usbd_ioreq.o
 .ARM.attributes
                0x000002ea       0x39 ..\obj\usbd_audio_core.o
 .ARM.attributes
                0x00000323       0x39 ..\obj\usbd_usr.o
 .ARM.attributes
                0x0000035c       0x39 ..\obj\usb_dcd.o
 .ARM.attributes
                0x00000395       0x39 ..\obj\usbd_core.o
 .ARM.attributes
                0x000003ce       0x39 ..\obj\stm32f4xx_gpio.o
 .ARM.attributes
                0x00000407       0x39 ..\obj\usb_dcd_int.o
 .ARM.attributes
                0x00000440       0x39 ..\obj\usb_bsp.o
 .ARM.attributes
                0x00000479       0x39 ..\obj\misc.o
 .ARM.attributes
                0x000004b2       0x39 ..\obj\stm32f4xx_exti.o
 .ARM.attributes
                0x000004eb       0x39 ..\obj\system_stm32f4xx.o
 .ARM.attributes
                0x00000524       0x39 ..\obj\stm32f4xx_syscfg.o
 .ARM.attributes
                0x0000055d       0x20 c:/program files (x86)/gnu tools arm embedded/4.9 2015q2/bin/../lib/gcc/arm-none-eabi/4.9.3/../../../../arm-none-eabi/lib/armv7e-m/fpu\libg.a(lib_a-memcpy.o)
 .ARM.attributes
                0x0000057d       0x22 c:/program files (x86)/gnu tools arm embedded/4.9 2015q2/bin/../lib/gcc/arm-none-eabi/4.9.3/armv7e-m/fpu/crtn.o
LOAD ..\obj\stm32f4xx_tim.o
LOAD ..\obj\usbd_req.o
LOAD ..\obj\usbd_desc.o
LOAD ..\obj\usb_core.o
LOAD ..\obj\startup_stm32f4xx.o
LOAD ..\obj\stm32f4xx_rcc.o
LOAD ..\obj\usbd_audio_out_if.o
LOAD ..\obj\stm32f4xx_it.o
LOAD ..\obj\stm32f4_discovery.o
LOAD ..\obj\main.o
LOAD ..\obj\stm32f4xx_dac.o
LOAD ..\obj\stm32f4xx_i2c.o
LOAD ..\obj\stm32f4xx_dma.o
LOAD ..\obj\usbd_ioreq.o
LOAD ..\obj\usbd_audio_core.o
LOAD ..\obj\usbd_usr.o
LOAD ..\obj\usb_dcd.o
LOAD ..\obj\usbd_core.o
LOAD ..\obj\stm32f4xx_gpio.o
LOAD ..\obj\stm32f4xx_spi.o
LOAD ..\obj\usb_dcd_int.o
LOAD ..\obj\usb_bsp.o
LOAD ..\obj\misc.o
LOAD ..\obj\stm32f4xx_exti.o
LOAD ..\obj\system_stm32f4xx.o
LOAD ..\obj\stm32f4xx_syscfg.o
START GROUP
LOAD c:/program files (x86)/gnu tools arm embedded/4.9 2015q2/bin/../lib/gcc/arm-none-eabi/4.9.3/armv7e-m/fpu\libgcc.a
LOAD c:/program files (x86)/gnu tools arm embedded/4.9 2015q2/bin/../lib/gcc/arm-none-eabi/4.9.3/../../../../arm-none-eabi/lib/armv7e-m/fpu\libg.a
LOAD c:/program files (x86)/gnu tools arm embedded/4.9 2015q2/bin/../lib/gcc/arm-none-eabi/4.9.3/../../../../arm-none-eabi/lib/armv7e-m/fpu\libc.a
END GROUP
LOAD c:/program files (x86)/gnu tools arm embedded/4.9 2015q2/bin/../lib/gcc/arm-none-eabi/4.9.3/armv7e-m/fpu/crtend.o
LOAD c:/program files (x86)/gnu tools arm embedded/4.9 2015q2/bin/../lib/gcc/arm-none-eabi/4.9.3/armv7e-m/fpu/crtn.o
OUTPUT(DiscoveryAudioUSB.elf elf32-littlearm)

.debug_info     0x00000000    0x12080
 .debug_info    0x00000000     0x1c65 ..\obj\stm32f4xx_tim.o
 .debug_info    0x00001c65      0xfdc ..\obj\usbd_req.o
 .debug_info    0x00002c41      0x391 ..\obj\usbd_desc.o
 .debug_info    0x00002fd2     0x2454 ..\obj\usb_core.o
 .debug_info    0x00005426       0xe5 ..\obj\startup_stm32f4xx.o
 .debug_info    0x0000550b      0xc51 ..\obj\stm32f4xx_rcc.o
 .debug_info    0x0000615c      0xd5c ..\obj\usbd_audio_out_if.o
 .debug_info    0x00006eb8      0xe8b ..\obj\stm32f4xx_it.o
 .debug_info    0x00007d43      0x88d ..\obj\stm32f4_discovery.o
 .debug_info    0x000085d0     0x1156 ..\obj\main.o
 .debug_info    0x00009726      0x63e ..\obj\stm32f4xx_dac.o
 .debug_info    0x00009d64      0xce8 ..\obj\usbd_ioreq.o
 .debug_info    0x0000aa4c      0xfa5 ..\obj\usbd_audio_core.o
 .debug_info    0x0000b9f1      0x1cf ..\obj\usbd_usr.o
 .debug_info    0x0000bbc0     0x1050 ..\obj\usb_dcd.o
 .debug_info    0x0000cc10      0xff1 ..\obj\usbd_core.o
 .debug_info    0x0000dc01      0x606 ..\obj\stm32f4xx_gpio.o
 .debug_info    0x0000e207     0x1db2 ..\obj\usb_dcd_int.o
 .debug_info    0x0000ffb9     0x1035 ..\obj\usb_bsp.o
 .debug_info    0x00010fee      0x541 ..\obj\misc.o
 .debug_info    0x0001152f      0x34b ..\obj\stm32f4xx_exti.o
 .debug_info    0x0001187a      0x596 ..\obj\system_stm32f4xx.o
 .debug_info    0x00011e10      0x270 ..\obj\stm32f4xx_syscfg.o

.debug_abbrev   0x00000000     0x28be
 .debug_abbrev  0x00000000      0x18a ..\obj\stm32f4xx_tim.o
 .debug_abbrev  0x0000018a      0x2a7 ..\obj\usbd_req.o
 .debug_abbrev  0x00000431      0x149 ..\obj\usbd_desc.o
 .debug_abbrev  0x0000057a      0x2ea ..\obj\usb_core.o
 .debug_abbrev  0x00000864       0x12 ..\obj\startup_stm32f4xx.o
 .debug_abbrev  0x00000876      0x1e6 ..\obj\stm32f4xx_rcc.o
 .debug_abbrev  0x00000a5c      0x21d ..\obj\usbd_audio_out_if.o
 .debug_abbrev  0x00000c79      0x1f6 ..\obj\stm32f4xx_it.o
 .debug_abbrev  0x00000e6f      0x186 ..\obj\stm32f4_discovery.o
 .debug_abbrev  0x00000ff5      0x223 ..\obj\main.o
 .debug_abbrev  0x00001218      0x17f ..\obj\stm32f4xx_dac.o
 .debug_abbrev  0x00001397      0x1b2 ..\obj\usbd_ioreq.o
 .debug_abbrev  0x00001549      0x232 ..\obj\usbd_audio_core.o
 .debug_abbrev  0x0000177b       0xe0 ..\obj\usbd_usr.o
 .debug_abbrev  0x0000185b      0x25c ..\obj\usb_dcd.o
 .debug_abbrev  0x00001ab7      0x278 ..\obj\usbd_core.o
 .debug_abbrev  0x00001d2f      0x1a6 ..\obj\stm32f4xx_gpio.o
 .debug_abbrev  0x00001ed5      0x25e ..\obj\usb_dcd_int.o
 .debug_abbrev  0x00002133      0x22e ..\obj\usb_bsp.o
 .debug_abbrev  0x00002361      0x148 ..\obj\misc.o
 .debug_abbrev  0x000024a9      0x1a8 ..\obj\stm32f4xx_exti.o
 .debug_abbrev  0x00002651      0x139 ..\obj\system_stm32f4xx.o
 .debug_abbrev  0x0000278a      0x134 ..\obj\stm32f4xx_syscfg.o

.debug_aranges  0x00000000      0x2e8
 .debug_aranges
                0x00000000       0x20 ..\obj\stm32f4xx_tim.o
 .debug_aranges
                0x00000020       0x20 ..\obj\usbd_req.o
 .debug_aranges
                0x00000040       0x20 ..\obj\usbd_desc.o
 .debug_aranges
                0x00000060       0x20 ..\obj\usb_core.o
 .debug_aranges
                0x00000080       0x28 ..\obj\startup_stm32f4xx.o
 .debug_aranges
                0x000000a8       0x20 ..\obj\stm32f4xx_rcc.o
 .debug_aranges
                0x000000c8       0x20 ..\obj\usbd_audio_out_if.o
 .debug_aranges
                0x000000e8       0x20 ..\obj\stm32f4xx_it.o
 .debug_aranges
                0x00000108       0x20 ..\obj\stm32f4_discovery.o
 .debug_aranges
                0x00000128       0x20 ..\obj\main.o
 .debug_aranges
                0x00000148       0x20 ..\obj\stm32f4xx_dac.o
 .debug_aranges
                0x00000168       0x20 ..\obj\usbd_ioreq.o
 .debug_aranges
                0x00000188       0x20 ..\obj\usbd_audio_core.o
 .debug_aranges
                0x000001a8       0x20 ..\obj\usbd_usr.o
 .debug_aranges
                0x000001c8       0x20 ..\obj\usb_dcd.o
 .debug_aranges
                0x000001e8       0x20 ..\obj\usbd_core.o
 .debug_aranges
                0x00000208       0x20 ..\obj\stm32f4xx_gpio.o
 .debug_aranges
                0x00000228       0x20 ..\obj\usb_dcd_int.o
 .debug_aranges
                0x00000248       0x20 ..\obj\usb_bsp.o
 .debug_aranges
                0x00000268       0x20 ..\obj\misc.o
 .debug_aranges
                0x00000288       0x20 ..\obj\stm32f4xx_exti.o
 .debug_aranges
                0x000002a8       0x20 ..\obj\system_stm32f4xx.o
 .debug_aranges
                0x000002c8       0x20 ..\obj\stm32f4xx_syscfg.o

.debug_macro    0x00000000    0x126ee
 .debug_macro   0x00000000      0x1da ..\obj\stm32f4xx_tim.o
 .debug_macro   0x000001da      0x88c ..\obj\stm32f4xx_tim.o
 .debug_macro   0x00000a66       0x5d ..\obj\stm32f4xx_tim.o
 .debug_macro   0x00000ac3       0x35 ..\obj\stm32f4xx_tim.o
 .debug_macro   0x00000af8       0x22 ..\obj\stm32f4xx_tim.o
 .debug_macro   0x00000b1a       0x44 ..\obj\stm32f4xx_tim.o
 .debug_macro   0x00000b5e       0x58 ..\obj\stm32f4xx_tim.o
 .debug_macro   0x00000bb6       0x22 ..\obj\stm32f4xx_tim.o
 .debug_macro   0x00000bd8      0x1df ..\obj\stm32f4xx_tim.o
 .debug_macro   0x00000db7       0x18 ..\obj\stm32f4xx_tim.o
 .debug_macro   0x00000dcf       0x42 ..\obj\stm32f4xx_tim.o
 .debug_macro   0x00000e11      0x8cb ..\obj\stm32f4xx_tim.o
 .debug_macro   0x000016dc     0x8057 ..\obj\stm32f4xx_tim.o
 .debug_macro   0x00009733       0x16 ..\obj\stm32f4xx_tim.o
 .debug_macro   0x00009749      0x44e ..\obj\stm32f4xx_tim.o
 .debug_macro   0x00009b97      0x3cf ..\obj\stm32f4xx_tim.o
 .debug_macro   0x00009f66      0x111 ..\obj\stm32f4xx_tim.o
 .debug_macro   0x0000a077      0x182 ..\obj\stm32f4xx_tim.o
 .debug_macro   0x0000a1f9       0xb2 ..\obj\stm32f4xx_tim.o
 .debug_macro   0x0000a2ab      0x146 ..\obj\stm32f4xx_tim.o
 .debug_macro   0x0000a3f1      0x477 ..\obj\stm32f4xx_tim.o
 .debug_macro   0x0000a868       0xac ..\obj\stm32f4xx_tim.o
 .debug_macro   0x0000a914      0x241 ..\obj\stm32f4xx_tim.o
 .debug_macro   0x0000ab55      0x279 ..\obj\stm32f4xx_tim.o
 .debug_macro   0x0000adce       0xb5 ..\obj\stm32f4xx_tim.o
 .debug_macro   0x0000ae83      0x265 ..\obj\stm32f4xx_tim.o
 .debug_macro   0x0000b0e8      0x2b1 ..\obj\stm32f4xx_tim.o
 .debug_macro   0x0000b399       0x64 ..\obj\stm32f4xx_tim.o
 .debug_macro   0x0000b3fd       0xa6 ..\obj\stm32f4xx_tim.o
 .debug_macro   0x0000b4a3      0x538 ..\obj\stm32f4xx_tim.o
 .debug_macro   0x0000b9db       0x40 ..\obj\stm32f4xx_tim.o
 .debug_macro   0x0000ba1b      0x57a ..\obj\stm32f4xx_tim.o
 .debug_macro   0x0000bf95      0x341 ..\obj\stm32f4xx_tim.o
 .debug_macro   0x0000c2d6      0x36a ..\obj\stm32f4xx_tim.o
 .debug_macro   0x0000c640       0xdf ..\obj\stm32f4xx_tim.o
 .debug_macro   0x0000c71f      0x220 ..\obj\stm32f4xx_tim.o
 .debug_macro   0x0000c93f       0x34 ..\obj\stm32f4xx_tim.o
 .debug_macro   0x0000c973       0x7f ..\obj\stm32f4xx_tim.o
 .debug_macro   0x0000c9f2       0x35 ..\obj\stm32f4xx_tim.o
 .debug_macro   0x0000ca27      0x735 ..\obj\stm32f4xx_tim.o
 .debug_macro   0x0000d15c      0x233 ..\obj\usbd_req.o
 .debug_macro   0x0000d38f      0x73b ..\obj\usbd_req.o
 .debug_macro   0x0000daca       0x82 ..\obj\usbd_req.o
 .debug_macro   0x0000db4c       0x46 ..\obj\usbd_req.o
 .debug_macro   0x0000db92      0x11e ..\obj\usbd_req.o
 .debug_macro   0x0000dcb0       0x58 ..\obj\usbd_req.o
 .debug_macro   0x0000dd08       0x76 ..\obj\usbd_req.o
 .debug_macro   0x0000dd7e      0x20f ..\obj\usbd_req.o
 .debug_macro   0x0000df8d       0x64 ..\obj\usbd_req.o
 .debug_macro   0x0000dff1       0x3a ..\obj\usbd_req.o
 .debug_macro   0x0000e02b       0x34 ..\obj\usbd_req.o
 .debug_macro   0x0000e05f      0x277 ..\obj\usbd_desc.o
 .debug_macro   0x0000e2d6       0x52 ..\obj\usbd_desc.o
 .debug_macro   0x0000e328       0x88 ..\obj\usbd_desc.o
 .debug_macro   0x0000e3b0      0x1e8 ..\obj\usb_core.o
 .debug_macro   0x0000e598      0x258 ..\obj\stm32f4xx_rcc.o
 .debug_macro   0x0000e7f0      0x532 ..\obj\stm32f4xx_rcc.o
 .debug_macro   0x0000ed22      0x2f3 ..\obj\usbd_audio_out_if.o
 .debug_macro   0x0000f015      0x108 ..\obj\usbd_audio_out_if.o
 .debug_macro   0x0000f11d       0x76 ..\obj\usbd_audio_out_if.o
 .debug_macro   0x0000f193       0x58 ..\obj\usbd_audio_out_if.o
 .debug_macro   0x0000f1eb       0x35 ..\obj\usbd_audio_out_if.o
 .debug_macro   0x0000f220       0x9c ..\obj\usbd_audio_out_if.o
 .debug_macro   0x0000f2bc      0x166 ..\obj\usbd_audio_out_if.o
 .debug_macro   0x0000f422       0x52 ..\obj\usbd_audio_out_if.o
 .debug_macro   0x0000f474       0x16 ..\obj\usbd_audio_out_if.o
 .debug_macro   0x0000f48a       0x43 ..\obj\usbd_audio_out_if.o
 .debug_macro   0x0000f4cd      0x180 ..\obj\usbd_audio_out_if.o
 .debug_macro   0x0000f64d      0x29d ..\obj\usbd_audio_out_if.o
 .debug_macro   0x0000f8ea       0x10 ..\obj\usbd_audio_out_if.o
 .debug_macro   0x0000f8fa       0x35 ..\obj\usbd_audio_out_if.o
 .debug_macro   0x0000f92f      0x333 ..\obj\stm32f4xx_it.o
 .debug_macro   0x0000fc62       0x16 ..\obj\stm32f4xx_it.o
 .debug_macro   0x0000fc78       0x97 ..\obj\stm32f4xx_it.o
 .debug_macro   0x0000fd0f       0xef ..\obj\stm32f4xx_it.o
 .debug_macro   0x0000fdfe       0x10 ..\obj\stm32f4xx_it.o
 .debug_macro   0x0000fe0e       0x10 ..\obj\stm32f4xx_it.o
 .debug_macro   0x0000fe1e       0x22 ..\obj\stm32f4xx_it.o
 .debug_macro   0x0000fe40       0xbe ..\obj\stm32f4xx_it.o
 .debug_macro   0x0000fefe       0x16 ..\obj\stm32f4xx_it.o
 .debug_macro   0x0000ff14      0x197 ..\obj\stm32f4xx_it.o
 .debug_macro   0x000100ab       0x4c ..\obj\stm32f4xx_it.o
 .debug_macro   0x000100f7      0x118 ..\obj\stm32f4xx_it.o
 .debug_macro   0x0001020f      0x1b5 ..\obj\stm32f4_discovery.o
 .debug_macro   0x000103c4      0x34c ..\obj\main.o
 .debug_macro   0x00010710       0x70 ..\obj\main.o
 .debug_macro   0x00010780      0x1e1 ..\obj\stm32f4xx_dac.o
 .debug_macro   0x00010961      0x17c ..\obj\stm32f4xx_dac.o
 .debug_macro   0x00010add      0x220 ..\obj\usbd_ioreq.o
 .debug_macro   0x00010cfd      0x251 ..\obj\usbd_audio_core.o
 .debug_macro   0x00010f4e      0x22a ..\obj\usbd_usr.o
 .debug_macro   0x00011178      0x1f7 ..\obj\usb_dcd.o
 .debug_macro   0x0001136f      0x245 ..\obj\usbd_core.o
 .debug_macro   0x000115b4       0x16 ..\obj\usbd_core.o
 .debug_macro   0x000115ca      0x1b0 ..\obj\stm32f4xx_gpio.o
 .debug_macro   0x0001177a      0x25f ..\obj\stm32f4xx_gpio.o
 .debug_macro   0x000119d9      0x1f4 ..\obj\usb_dcd_int.o
 .debug_macro   0x00011bcd       0x10 ..\obj\usb_dcd_int.o
 .debug_macro   0x00011bdd      0x1fc ..\obj\usb_bsp.o
 .debug_macro   0x00011dd9      0x1b6 ..\obj\misc.o
 .debug_macro   0x00011f8f       0x79 ..\obj\misc.o
 .debug_macro   0x00012008      0x1b6 ..\obj\stm32f4xx_exti.o
 .debug_macro   0x000121be       0xa6 ..\obj\stm32f4xx_exti.o
 .debug_macro   0x00012264      0x1d7 ..\obj\system_stm32f4xx.o
 .debug_macro   0x0001243b      0x1da ..\obj\stm32f4xx_syscfg.o
 .debug_macro   0x00012615       0xd9 ..\obj\stm32f4xx_syscfg.o

.debug_line     0x00000000     0x9e37
 .debug_line    0x00000000      0x998 ..\obj\stm32f4xx_tim.o
 .debug_line    0x00000998      0x82d ..\obj\usbd_req.o
 .debug_line    0x000011c5      0x6cd ..\obj\usbd_desc.o
 .debug_line    0x00001892      0x963 ..\obj\usb_core.o
 .debug_line    0x000021f5       0xd5 ..\obj\startup_stm32f4xx.o
 .debug_line    0x000022ca      0x746 ..\obj\stm32f4xx_rcc.o
 .debug_line    0x00002a10      0x7ed ..\obj\usbd_audio_out_if.o
 .debug_line    0x000031fd      0x80e ..\obj\stm32f4xx_it.o
 .debug_line    0x00003a0b      0x60e ..\obj\stm32f4_discovery.o
 .debug_line    0x00004019      0x803 ..\obj\main.o
 .debug_line    0x0000481c      0x65b ..\obj\stm32f4xx_dac.o
 .debug_line    0x00004e77      0x6bd ..\obj\usbd_ioreq.o
 .debug_line    0x00005534      0x768 ..\obj\usbd_audio_core.o
 .debug_line    0x00005c9c      0x6b1 ..\obj\usbd_usr.o
 .debug_line    0x0000634d      0x701 ..\obj\usb_dcd.o
 .debug_line    0x00006a4e      0x782 ..\obj\usbd_core.o
 .debug_line    0x000071d0      0x668 ..\obj\stm32f4xx_gpio.o
 .debug_line    0x00007838      0x75d ..\obj\usb_dcd_int.o
 .debug_line    0x00007f95      0x691 ..\obj\usb_bsp.o
 .debug_line    0x00008626      0x5ed ..\obj\misc.o
 .debug_line    0x00008c13      0x61c ..\obj\stm32f4xx_exti.o
 .debug_line    0x0000922f      0x614 ..\obj\system_stm32f4xx.o
 .debug_line    0x00009843      0x5f4 ..\obj\stm32f4xx_syscfg.o

.debug_str      0x00000000    0x5fb60
 .debug_str     0x00000000    0x56568 ..\obj\stm32f4xx_tim.o
                              0x56771 (size before relaxing)
 .debug_str     0x00056568     0x1ea0 ..\obj\usbd_req.o
                              0x57a16 (size before relaxing)
 .debug_str     0x00058408      0x359 ..\obj\usbd_desc.o
                              0x57466 (size before relaxing)
 .debug_str     0x00058761      0xb38 ..\obj\usb_core.o
                              0x57ae9 (size before relaxing)
 .debug_str     0x00059299      0xb2c ..\obj\stm32f4xx_rcc.o
                              0x565fe (size before relaxing)
 .debug_str     0x00059dc5     0x35ca ..\obj\usbd_audio_out_if.o
                              0x5a8f3 (size before relaxing)
 .debug_str     0x0005d38f      0xdf6 ..\obj\stm32f4xx_it.o
                              0x5b143 (size before relaxing)
 .debug_str     0x0005e185      0x2a5 ..\obj\stm32f4_discovery.o
                              0x56660 (size before relaxing)
 .debug_str     0x0005e42a      0x12e ..\obj\main.o
                              0x5b7ca (size before relaxing)
 .debug_str     0x0005e558      0x364 ..\obj\stm32f4xx_dac.o
                              0x55e36 (size before relaxing)
 .debug_str     0x0005e8bc       0xc5 ..\obj\usbd_ioreq.o
                              0x577d6 (size before relaxing)
 .debug_str     0x0005e981      0x1cf ..\obj\usbd_audio_core.o
                              0x5824d (size before relaxing)
 .debug_str     0x0005eb50       0xdd ..\obj\usbd_usr.o
                              0x570ac (size before relaxing)
 .debug_str     0x0005ec2d      0x10b ..\obj\usb_dcd.o
                              0x570b1 (size before relaxing)
 .debug_str     0x0005ed38      0x28e ..\obj\usbd_core.o
                              0x57ad9 (size before relaxing)
 .debug_str     0x0005efc6      0x1b9 ..\obj\stm32f4xx_gpio.o
                              0x55d7d (size before relaxing)
 .debug_str     0x0005f17f      0x291 ..\obj\usb_dcd_int.o
                              0x5792e (size before relaxing)
 .debug_str     0x0005f410       0xca ..\obj\usb_bsp.o
                              0x578f2 (size before relaxing)
 .debug_str     0x0005f4da      0x159 ..\obj\misc.o
                              0x55cd2 (size before relaxing)
 .debug_str     0x0005f633      0x13e ..\obj\stm32f4xx_exti.o
                              0x55c55 (size before relaxing)
 .debug_str     0x0005f771      0x110 ..\obj\system_stm32f4xx.o
                              0x55cb4 (size before relaxing)
 .debug_str     0x0005f881      0x2df ..\obj\stm32f4xx_syscfg.o
                              0x55d2e (size before relaxing)

.comment        0x00000000       0x70
 .comment       0x00000000       0x70 ..\obj\stm32f4xx_tim.o
                                 0x71 (size before relaxing)
 .comment       0x00000000       0x71 ..\obj\usbd_req.o
 .comment       0x00000000       0x71 ..\obj\usbd_desc.o
 .comment       0x00000000       0x71 ..\obj\usb_core.o
 .comment       0x00000000       0x71 ..\obj\stm32f4xx_rcc.o
 .comment       0x00000000       0x71 ..\obj\usbd_audio_out_if.o
 .comment       0x00000000       0x71 ..\obj\stm32f4xx_it.o
 .comment       0x00000000       0x71 ..\obj\stm32f4_discovery.o
 .comment       0x00000000       0x71 ..\obj\main.o
 .comment       0x00000000       0x71 ..\obj\stm32f4xx_dac.o
 .comment       0x00000000       0x71 ..\obj\usbd_ioreq.o
 .comment       0x00000000       0x71 ..\obj\usbd_audio_core.o
 .comment       0x00000000       0x71 ..\obj\usbd_usr.o
 .comment       0x00000000       0x71 ..\obj\usb_dcd.o
 .comment       0x00000000       0x71 ..\obj\usbd_core.o
 .comment       0x00000000       0x71 ..\obj\stm32f4xx_gpio.o
 .comment       0x00000000       0x71 ..\obj\usb_dcd_int.o
 .comment       0x00000000       0x71 ..\obj\usb_bsp.o
 .comment       0x00000000       0x71 ..\obj\misc.o
 .comment       0x00000000       0x71 ..\obj\stm32f4xx_exti.o
 .comment       0x00000000       0x71 ..\obj\system_stm32f4xx.o
 .comment       0x00000000       0x71 ..\obj\stm32f4xx_syscfg.o

.debug_frame    0x00000000     0x3574
 .debug_frame   0x00000000      0xe54 ..\obj\stm32f4xx_tim.o
 .debug_frame   0x00000e54      0x210 ..\obj\usbd_req.o
 .debug_frame   0x00001064      0x13c ..\obj\usbd_desc.o
 .debug_frame   0x000011a0      0x584 ..\obj\usb_core.o
 .debug_frame   0x00001724      0x6d4 ..\obj\stm32f4xx_rcc.o
 .debug_frame   0x00001df8      0x140 ..\obj\usbd_audio_out_if.o
 .debug_frame   0x00001f38      0x1a8 ..\obj\stm32f4xx_it.o
 .debug_frame   0x000020e0       0xf4 ..\obj\stm32f4_discovery.o
 .debug_frame   0x000021d4       0x7c ..\obj\main.o
 .debug_frame   0x00002250      0x2ac ..\obj\stm32f4xx_dac.o
 .debug_frame   0x000024fc      0x110 ..\obj\usbd_ioreq.o
 .debug_frame   0x0000260c      0x1d0 ..\obj\usbd_audio_core.o
 .debug_frame   0x000027dc       0xf8 ..\obj\usbd_usr.o
 .debug_frame   0x000028d4      0x1e8 ..\obj\usb_dcd.o
 .debug_frame   0x00002abc      0x210 ..\obj\usbd_core.o
 .debug_frame   0x00002ccc      0x23c ..\obj\stm32f4xx_gpio.o
 .debug_frame   0x00002f08      0x1e8 ..\obj\usb_dcd_int.o
 .debug_frame   0x000030f0       0xf4 ..\obj\usb_bsp.o
 .debug_frame   0x000031e4       0xd8 ..\obj\misc.o
 .debug_frame   0x000032bc      0x148 ..\obj\stm32f4xx_exti.o
 .debug_frame   0x00003404       0x7c ..\obj\system_stm32f4xx.o
 .debug_frame   0x00003480       0xf4 ..\obj\stm32f4xx_syscfg.o

.debug_ranges   0x00000000       0x20
 .debug_ranges  0x00000000       0x20 ..\obj\startup_stm32f4xx.o
